// Jest Snapshot v1, https://goo.gl/fbAQLP

exports[`Index snapshot renders correclty 1`] = `
<div>
  <div
    class="container max-w-3xl px4 py10"
  >
    <header
      class="py-10"
    >
      <h3>
        <a
          href="/"
        >
          test
        </a>
      </h3>
    </header>
    <main />
    <footer
      class="py-10 text-center"
    >
      © 
      2022
      , Built with
       
      <a
        href="https://www.gatsbyjs.org"
      >
        Gatsby
      </a>
    </footer>
  </div>
</div>
`;
