// Jest Snapshot v1, https://goo.gl/fbAQLP

exports[`Post List snapshot renders correctly 1`] = `
<div>
  <div
    class="space-y-8"
  >
    <article
      class="p-4 flow-root rounded-sm shadow-md space-x-2"
    >
      <header>
        <h2>
          <a
            href="slug"
          >
            title
          </a>
        </h2>
        <span
          class="text-gray-500"
        >
          2021-01-01
        </span>
      </header>
      <section>
        <p>
          excerpt
        </p>
      </section>
    </article>
  </div>
</div>
`;
